
HT2200和VX设备，有时候程序修改错误会导致设备启动失败，出现反复重启现象

**解决方法：**

1、上电启动后Ctrl+c 进入boot
```
	dpll_init...MX01 done!

	Press CTRL + C to abort autoboot in 5 seconds
	=>
```

2、命令行擦除nand空间
```
	=>nand erase.part application

	NAND erase.part: device 0 offset 0x4600000, size 0x1a000000
	Erasing at 0x1e5e0000 -- 100% complete.
	OK
	=>
	=>
	=>ubi part application
	Creating 1 MTD partitions on "nand0":
	0x000004600000-0x00001e600000 : "mtd=5"
	UBI: attaching mtd1 to ubi0
	UBI: physical eraseblock size:   131072 bytes (128 KiB)
	UBI: logical eraseblock size:    126976 bytes
	UBI: smallest flash I/O unit:    2048
	UBI: VID header offset:          2048 (aligned 2048)
	UBI: data offset:                4096
	UBI: empty MTD device detected
	UBI: create volume table (copy #1)
	UBI: create volume table (copy #2)
	UBI: attached mtd1 to ubi0
	UBI: MTD device name:            "mtd=5"
	UBI: MTD device size:            416 MiB
	UBI: number of good PEBs:        3328
	UBI: number of bad PEBs:         0
	UBI: max. allowed volumes:       128
	UBI: wear-leveling threshold:    4096
	UBI: number of internal volumes: 1
	UBI: number of user volumes:     0
	UBI: available PEBs:             3291
	UBI: total number of reserved PEBs: 37
	UBI: number of PEBs reserved for bad PEB handling: 33
	UBI: max/mean erase counter: 1/0
	=>
	=>
	=>ubi create home
	No size specified -> Using max size (417878016)
	Creating dynamic volume home of size 417878016
	=>
	=> reset
```

3、总结

三条命令行：
```
nand erase.part application
ubi part application
ubi create home
```

boot下命令行操作完成后reset重启设备即可。



